16.04.26 14:09:02 [INFO] patriota failed SurvivalFly: tried to move unexpectedly. VL 38.
16.04.26 14:09:07 [INFO] patriota failed SurvivalFly: tried to move unexpectedly. VL 96.
16.04.26 14:09:07 [INFO] patriota failed SurvivalFly: tried to move unexpectedly. VL 101.
16.04.26 14:09:13 [INFO] patriota failed SurvivalFly: tried to move unexpectedly. VL 207.
16.04.26 14:09:20 [INFO] patriota failed SurvivalFly: tried to move unexpectedly. VL 55.
16.04.26 14:09:25 [INFO] patriota failed SurvivalFly: tried to move unexpectedly. VL 76.
16.04.26 14:09:25 [INFO] patriota failed SurvivalFly: tried to move unexpectedly. VL 107.
16.04.26 14:13:39 [INFO] patriota failed Visible: interacts with a block out of sight. VL 6.
16.04.26 14:13:41 [INFO] patriota failed Visible: interacts with a block out of sight. VL 21.
16.04.26 14:13:43 [INFO] patriota failed Visible: interacts with a block out of sight. VL 39.
16.04.26 14:13:45 [INFO] patriota failed Visible: interacts with a block out of sight. VL 47.
16.04.26 14:13:47 [INFO] patriota failed Visible: interacts with a block out of sight. VL 59.
16.04.26 14:13:55 [INFO] patriota failed Visible: interacts with a block out of sight. VL 37.
16.04.26 14:13:57 [INFO] patriota failed Visible: interacts with a block out of sight. VL 33.
16.04.26 14:13:59 [INFO] patriota failed Visible: interacts with a block out of sight. VL 34.
16.04.26 14:14:01 [INFO] patriota failed Visible: interacts with a block out of sight. VL 37.
16.04.26 14:14:03 [INFO] patriota failed Visible: interacts with a block out of sight. VL 35.
16.04.26 14:14:05 [INFO] patriota failed Visible: interacts with a block out of sight. VL 33.
16.04.26 14:14:07 [INFO] patriota failed Visible: interacts with a block out of sight. VL 32.
16.04.26 14:14:09 [INFO] patriota failed Visible: interacts with a block out of sight. VL 31.
16.04.26 14:14:11 [INFO] patriota failed Visible: interacts with a block out of sight. VL 27.
16.04.26 15:53:36 [INFO] patriota failed SurvivalFly: tried to move unexpectedly. VL 94.
16.04.26 15:53:39 [INFO] patriota failed SurvivalFly: tried to move unexpectedly. VL 190.
16.04.26 15:53:45 [INFO] patriota failed SurvivalFly: tried to move unexpectedly. VL 145.
16.04.26 15:53:50 [INFO] patriota failed SurvivalFly: tried to move unexpectedly. VL 287.
16.04.26 15:53:57 [INFO] patriota failed SurvivalFly: tried to move unexpectedly. VL 127.
16.04.26 15:54:19 [INFO] patriota failed SurvivalFly: tried to move unexpectedly. VL 49.
16.04.26 16:07:29 [INFO] patriota failed SurvivalFly: tried to move unexpectedly. VL 50.
16.04.26 16:07:34 [INFO] patriota failed SurvivalFly: tried to move unexpectedly. VL 67.
16.04.26 16:07:35 [INFO] patriota failed SurvivalFly: tried to move unexpectedly. VL 116.
16.04.26 16:07:40 [INFO] patriota failed SurvivalFly: tried to move unexpectedly. VL 54.
16.04.27 14:54:35 [INFO] patriota failed MorePackets: sent 10 more packet(s) than expected. VL 10.
16.04.27 14:54:37 [INFO] patriota failed MorePackets: sent 14 more packet(s) than expected. VL 14.
16.04.27 16:04:04 [INFO] patriota failed MorePackets: sent 10 more packet(s) than expected. VL 10.
16.04.27 18:18:36 [INFO] WreckP0ision failed Text: acted like spamming (IP: 25.118.170.226). VL 1.
16.04.28 12:59:59 [INFO] mordecai_ failed GodMode: avoided taking damage or lagging. VL 12.
16.04.28 13:00:05 [INFO] mordecai_ failed GodMode: avoided taking damage or lagging. VL 44.
16.04.28 13:00:20 [INFO] mordecai_ failed Direction: tried to hit an entity out of line of sight. VL 10.
16.04.28 13:00:20 [INFO] mordecai_ failed Improbable: meets the improbable more than expected. VL 16.
16.04.28 13:00:20 [INFO] mordecai_ failed GodMode: avoided taking damage or lagging. VL 21.
16.04.28 13:00:45 [INFO] mordecai_ failed Direction: tried to hit an entity out of line of sight. VL 7.
16.04.28 13:00:48 [INFO] mordecai_ failed Direction: tried to hit an entity out of line of sight. VL 20.
16.04.28 13:00:50 [INFO] mordecai_ failed Direction: tried to hit an entity out of line of sight. VL 12.
16.04.28 13:00:55 [INFO] mordecai_ failed Direction: tried to hit an entity out of line of sight. VL 5.
16.04.28 13:02:35 [INFO] mordecai_ failed Passable: moved into a block (20). VL 11.
16.04.28 13:02:40 [INFO] mordecai_ failed Passable: moved into a block (0). VL 19.
16.04.28 13:02:45 [INFO] mordecai_ failed Passable: moved into a block (0). VL 31.
16.04.28 13:02:49 [INFO] mordecai_ failed SurvivalFly: tried to move unexpectedly. VL 99.
16.04.28 13:02:50 [INFO] mordecai_ failed Passable: moved into a block (0). VL 39.
16.04.28 13:02:54 [INFO] mordecai_ failed Passable: moved into a block (0). VL 51.
16.04.28 13:02:54 [INFO] mordecai_ failed SurvivalFly: tried to move unexpectedly. VL 70.
16.04.28 13:02:59 [INFO] mordecai_ failed Passable: moved into a block (0). VL 61.
16.04.28 13:03:11 [INFO] mordecai_ failed Passable: moved into a block (20). VL 32.
16.04.28 13:03:16 [INFO] mordecai_ failed Passable: moved into a block (20). VL 22.
16.04.28 13:03:17 [INFO] mordecai_ failed SurvivalFly: tried to move unexpectedly. VL 15.
16.04.28 13:03:22 [INFO] mordecai_ failed Passable: moved into a block (20). VL 22.
16.04.28 13:03:25 [INFO] mordecai_ failed SurvivalFly: tried to move unexpectedly. VL 49.
16.04.28 13:03:27 [INFO] mordecai_ failed Passable: moved into a block (20). VL 16.
16.04.28 13:03:30 [INFO] mordecai_ failed SurvivalFly: tried to move unexpectedly. VL 53.
16.04.28 13:03:32 [INFO] mordecai_ failed Passable: moved into a block (20). VL 18.
16.04.28 13:03:34 [INFO] mordecai_ failed SurvivalFly: tried to move unexpectedly. VL 128.
16.04.28 13:03:37 [INFO] mordecai_ failed Passable: moved into a block (20). VL 15.
16.04.28 13:03:40 [INFO] mordecai_ failed SurvivalFly: tried to move unexpectedly. VL 52.
16.04.28 13:03:44 [INFO] mordecai_ failed Passable: moved into a block (20). VL 13.
16.04.28 13:03:45 [INFO] mordecai_ failed SurvivalFly: tried to move unexpectedly. VL 54.
16.04.28 13:03:49 [INFO] mordecai_ failed Passable: moved into a block (20). VL 12.
16.04.28 13:03:54 [INFO] mordecai_ failed Passable: moved into a block (20). VL 11.
16.04.28 13:03:59 [INFO] mordecai_ failed Passable: moved into a block (20). VL 15.
16.04.28 13:04:04 [INFO] mordecai_ failed Passable: moved into a block (20). VL 16.
16.04.28 13:04:04 [INFO] mordecai_ failed SurvivalFly: tried to move unexpectedly. VL 42.
16.04.28 13:04:09 [INFO] mordecai_ failed Passable: moved into a block (0). VL 16.
16.04.28 13:04:33 [INFO] mordecai_ failed SurvivalFly: tried to move unexpectedly. VL 121.
16.04.28 13:06:17 [INFO] mordecai_ failed Knockback: tried to do a knockback but wasn't technically sprinting. VL 97.
16.04.28 13:09:52 [INFO] mordecai_ failed GodMode: avoided taking damage or lagging. VL 21.
16.04.28 13:09:57 [INFO] mordecai_ failed GodMode: avoided taking damage or lagging. VL 78.
16.04.28 13:10:02 [INFO] mordecai_ failed GodMode: avoided taking damage or lagging. VL 120.
16.04.28 13:10:09 [INFO] mordecai_ failed GodMode: avoided taking damage or lagging. VL 85.
16.04.28 13:10:14 [INFO] mordecai_ failed GodMode: avoided taking damage or lagging. VL 107.
16.04.28 13:10:19 [INFO] mordecai_ failed GodMode: avoided taking damage or lagging. VL 169.
16.04.28 13:10:24 [INFO] mordecai_ failed GodMode: avoided taking damage or lagging. VL 205.
16.04.28 13:10:29 [INFO] mordecai_ failed GodMode: avoided taking damage or lagging. VL 137.
16.04.28 13:10:34 [INFO] mordecai_ failed GodMode: avoided taking damage or lagging. VL 129.
16.04.28 13:10:51 [INFO] mordecai_ failed GodMode: avoided taking damage or lagging. VL 122.
16.04.28 13:14:03 [INFO] mordecai_ failed Direction: tried to hit an entity out of line of sight. VL 17.
16.04.28 13:16:42 [INFO] mordecai_ failed Direction: tried to hit an entity out of line of sight. VL 13.
16.04.28 13:16:47 [INFO] mordecai_ failed Direction: tried to hit an entity out of line of sight. VL 5.
16.04.28 13:17:14 [INFO] mordecai_ failed Direction: tried to hit an entity out of line of sight. VL 5.
16.04.28 13:17:24 [INFO] mordecai_ failed Direction: tried to hit an entity out of line of sight. VL 7.
16.04.28 13:17:30 [INFO] mordecai_ failed Knockback: tried to do a knockback but wasn't technically sprinting. VL 146.
16.04.28 13:18:59 [INFO] mordecai_ failed Direction: tried to hit an entity out of line of sight. VL 8.
16.04.28 13:19:01 [INFO] mordecai_ failed Knockback: tried to do a knockback but wasn't technically sprinting. VL 147.
16.04.28 13:19:06 [INFO] mordecai_ failed Direction: tried to hit an entity out of line of sight. VL 8.
16.04.28 13:19:12 [INFO] mordecai_ failed Direction: tried to hit an entity out of line of sight. VL 7.
16.04.28 13:19:24 [INFO] mordecai_ failed Direction: tried to hit an entity out of line of sight. VL 8.
16.04.28 13:19:26 [INFO] mordecai_ failed Knockback: tried to do a knockback but wasn't technically sprinting. VL 196.
16.04.28 13:20:18 [INFO] mordecai_ failed Direction: tried to hit an entity out of line of sight. VL 6.
16.04.28 13:20:23 [INFO] mordecai_ failed Direction: tried to hit an entity out of line of sight. VL 9.
16.04.28 13:24:14 [INFO] mordecai_ failed Direction: tried to hit an entity out of line of sight. VL 11.
16.04.28 13:24:23 [INFO] mordecai_ failed Knockback: tried to do a knockback but wasn't technically sprinting. VL 245.
16.04.28 13:24:33 [INFO] mordecai_ failed Knockback: tried to do a knockback but wasn't technically sprinting. VL 294.
16.04.28 13:24:34 [INFO] mordecai_ failed Direction: tried to hit an entity out of line of sight. VL 5.
16.04.28 13:24:45 [INFO] mordecai_ failed Direction: tried to hit an entity out of line of sight. VL 9.
16.04.28 13:24:45 [INFO] mordecai_ failed Improbable: meets the improbable more than expected. VL 5.
16.04.28 13:24:45 [INFO] mordecai_ failed Direction: tried to hit an entity out of line of sight. VL 20.
16.04.28 13:24:50 [INFO] mordecai_ failed Direction: tried to hit an entity out of line of sight. VL 9.
16.04.28 13:24:56 [INFO] mordecai_ failed Direction: tried to hit an entity out of line of sight. VL 8.
16.04.28 13:25:15 [INFO] mordecai_ failed Direction: tried to hit an entity out of line of sight. VL 5.
16.04.28 13:25:21 [INFO] mordecai_ failed Direction: tried to hit an entity out of line of sight. VL 5.
16.04.28 13:25:29 [INFO] mordecai_ failed Knockback: tried to do a knockback but wasn't technically sprinting. VL 389.
16.04.28 13:25:33 [INFO] mordecai_ failed Direction: tried to hit an entity out of line of sight. VL 6.
16.04.28 13:25:35 [INFO] mordecai_ failed Knockback: tried to do a knockback but wasn't technically sprinting. VL 486.
16.04.28 13:26:06 [INFO] mordecai_ failed Direction: tried to hit an entity out of line of sight. VL 6.
16.04.28 13:27:12 [INFO] mordecai_ failed Knockback: tried to do a knockback but wasn't technically sprinting. VL 536.
16.04.28 13:28:29 [INFO] mordecai_ failed Direction: tried to hit an entity out of line of sight. VL 23.
16.04.28 13:28:36 [INFO] mordecai_ failed Direction: tried to hit an entity out of line of sight. VL 7.
16.04.28 13:28:42 [INFO] mordecai_ failed Direction: tried to hit an entity out of line of sight. VL 9.
16.04.28 13:30:02 [INFO] mordecai_ failed Improbable: meets the improbable more than expected. VL 13.
16.04.28 13:30:03 [INFO] mordecai_ failed Speed: tried to attack with too high a frequency. VL 2.
16.04.28 13:30:06 [INFO] mordecai_ failed Knockback: tried to do a knockback but wasn't technically sprinting. VL 585.
16.04.28 13:30:09 [INFO] mordecai_ failed Direction: tried to hit an entity out of line of sight. VL 9.
16.04.28 13:30:14 [INFO] mordecai_ failed Direction: tried to hit an entity out of line of sight. VL 8.
16.04.28 13:30:15 [INFO] mordecai_ failed Improbable: meets the improbable more than expected. VL 20.
16.04.28 13:30:21 [INFO] mordecai_ failed Direction: tried to hit an entity out of line of sight. VL 6.
16.04.28 13:30:29 [INFO] mordecai_ failed Direction: tried to hit an entity out of line of sight. VL 9.
16.04.28 13:30:29 [INFO] mordecai_ failed Speed: tried to attack with too high a frequency. VL 2.
16.04.28 13:30:30 [INFO] mordecai_ failed Improbable: meets the improbable more than expected. VL 41.
16.04.28 13:30:47 [INFO] mordecai_ failed Direction: tried to hit an entity out of line of sight. VL 9.
16.04.28 13:30:47 [INFO] mordecai_ failed Speed: tried to attack with too high a frequency. VL 16.
16.04.28 13:30:52 [INFO] mordecai_ failed Direction: tried to hit an entity out of line of sight. VL 7.
16.04.28 13:31:01 [INFO] mordecai_ failed Direction: tried to hit an entity out of line of sight. VL 5.
16.04.28 13:31:13 [INFO] mordecai_ failed Direction: tried to hit an entity out of line of sight. VL 7.
16.04.28 13:31:16 [INFO] mordecai_ failed Direction: tried to hit an entity out of line of sight. VL 22.
16.04.28 13:31:22 [INFO] mordecai_ failed Knockback: tried to do a knockback but wasn't technically sprinting. VL 635.
16.04.28 13:31:23 [INFO] mordecai_ failed Direction: tried to hit an entity out of line of sight. VL 8.
16.04.28 13:31:29 [INFO] mordecai_ failed Direction: tried to hit an entity out of line of sight. VL 17.
16.04.28 13:31:29 [INFO] mordecai_ failed Direction: tried to hit an entity out of line of sight. VL 22.
16.04.28 13:31:36 [INFO] mordecai_ failed Direction: tried to hit an entity out of line of sight. VL 10.
16.04.28 13:31:37 [INFO] mordecai_ failed Knockback: tried to do a knockback but wasn't technically sprinting. VL 732.
16.04.28 13:31:39 [INFO] mordecai_ failed Speed: tried to attack with too high a frequency. VL 2.
16.04.28 13:31:59 [INFO] mordecai_ failed Knockback: tried to do a knockback but wasn't technically sprinting. VL 973.
16.04.28 13:31:59 [INFO] mordecai_ failed Direction: tried to hit an entity out of line of sight. VL 5.
16.04.28 13:32:00 [INFO] mordecai_ failed Speed: tried to attack with too high a frequency. VL 4.
16.04.28 13:32:08 [INFO] mordecai_ failed Improbable: meets the improbable more than expected. VL 9.
16.04.28 13:32:33 [INFO] mordecai_ failed Direction: tried to hit an entity out of line of sight. VL 6.
16.04.28 13:32:46 [INFO] mordecai_ failed Direction: tried to hit an entity out of line of sight. VL 7.
16.04.28 13:32:47 [INFO] mordecai_ failed Direction: tried to hit an entity out of line of sight. VL 22.
16.04.28 13:33:25 [INFO] mordecai_ failed SurvivalFly: tried to move unexpectedly. VL 36.
16.04.28 13:33:27 [INFO] mordecai_ failed Direction: tried to hit an entity out of line of sight. VL 7.
16.04.28 13:33:28 [INFO] mordecai_ failed Direction: tried to hit an entity out of line of sight. VL 20.
16.04.28 13:33:46 [INFO] mordecai_ failed Direction: tried to hit an entity out of line of sight. VL 24.
16.04.28 13:33:50 [INFO] mordecai_ failed Direction: tried to hit an entity out of line of sight. VL 17.
16.04.28 13:33:51 [INFO] mordecai_ failed Direction: tried to hit an entity out of line of sight. VL 22.
16.04.28 13:33:55 [INFO] mordecai_ failed SurvivalFly: tried to move unexpectedly. VL 20.
16.04.28 13:33:56 [INFO] mordecai_ failed Direction: tried to hit an entity out of line of sight. VL 32.
16.04.28 13:33:56 [INFO] mordecai_ failed Direction: tried to hit an entity out of line of sight. VL 17.
16.04.28 13:34:00 [INFO] mordecai_ failed Knockback: tried to do a knockback but wasn't technically sprinting. VL 1022.
16.04.28 13:34:00 [INFO] mordecai_ failed SurvivalFly: tried to move unexpectedly. VL 65.
16.04.28 13:34:01 [INFO] mordecai_ failed Speed: tried to attack with too high a frequency. VL 2.
16.04.28 13:34:07 [INFO] mordecai_ failed SurvivalFly: tried to move unexpectedly. VL 25.
16.04.28 13:34:15 [INFO] mordecai_ failed Direction: tried to hit an entity out of line of sight. VL 5.
16.04.28 13:34:52 [INFO] mordecai_ failed SurvivalFly: tried to move unexpectedly. VL 20.
16.04.28 13:34:53 [INFO] mordecai_ failed SurvivalFly: tried to move unexpectedly. VL 115.
16.04.28 13:34:58 [INFO] mordecai_ failed SurvivalFly: tried to move unexpectedly. VL 165.
16.04.28 13:36:47 [INFO] mordecai_ failed Direction: tried to hit an entity out of line of sight. VL 18.
16.04.28 13:36:48 [INFO] mordecai_ failed Direction: tried to hit an entity out of line of sight. VL 20.
16.04.28 13:37:17 [INFO] mordecai_ failed Knockback: tried to do a knockback but wasn't technically sprinting. VL 1167.
16.04.28 13:37:18 [INFO] mordecai_ failed Speed: tried to attack with too high a frequency. VL 2.
16.04.28 13:37:19 [INFO] mordecai_ failed SurvivalFly: tried to move unexpectedly. VL 245.
16.04.28 13:37:24 [INFO] mordecai_ failed Direction: tried to hit an entity out of line of sight. VL 5.
16.04.28 13:42:03 [INFO] mordecai_ failed Knockback: tried to do a knockback but wasn't technically sprinting. VL 1355.
16.04.28 13:42:03 [INFO] mordecai_ failed Speed: tried to attack with too high a frequency. VL 3.
16.04.28 13:42:07 [INFO] mordecai_ failed Direction: tried to hit an entity out of line of sight. VL 7.
16.04.28 13:42:09 [INFO] mordecai_ failed Speed: tried to attack with too high a frequency. VL 70.
16.04.28 13:42:26 [INFO] mordecai_ failed Knockback: tried to do a knockback but wasn't technically sprinting. VL 1402.
16.04.28 13:42:32 [INFO] mordecai_ failed Direction: tried to hit an entity out of line of sight. VL 9.
16.04.28 13:43:41 [INFO] mordecai_ failed Speed: tried to attack with too high a frequency. VL 2.
16.04.28 13:43:46 [INFO] mordecai_ failed Direction: tried to hit an entity out of line of sight. VL 6.
16.04.28 13:43:50 [INFO] mordecai_ failed Knockback: tried to do a knockback but wasn't technically sprinting. VL 1451.
16.04.28 13:46:56 [INFO] mordecai_ failed Knockback: tried to do a knockback but wasn't technically sprinting. VL 1547.
16.04.28 13:47:03 [INFO] mordecai_ failed Knockback: tried to do a knockback but wasn't technically sprinting. VL 1596.
16.04.28 13:47:11 [INFO] mordecai_ failed Direction: tried to hit an entity out of line of sight. VL 11.
16.04.28 13:49:53 [INFO] mordecai_ failed Knockback: tried to do a knockback but wasn't technically sprinting. VL 1646.
16.04.28 13:49:56 [INFO] mordecai_ failed Direction: tried to hit an entity out of line of sight. VL 11.
16.04.28 13:49:56 [INFO] mordecai_ failed Speed: tried to attack with too high a frequency. VL 2.
16.04.28 13:49:58 [INFO] mordecai_ failed Improbable: meets the improbable more than expected. VL 12.
16.04.28 13:50:01 [INFO] mordecai_ failed Direction: tried to hit an entity out of line of sight. VL 6.
16.04.28 13:50:06 [INFO] mordecai_ failed Direction: tried to hit an entity out of line of sight. VL 12.
16.04.28 13:50:09 [INFO] mordecai_ failed Improbable: meets the improbable more than expected. VL 10.
16.04.28 13:50:09 [INFO] mordecai_ failed Speed: tried to attack with too high a frequency. VL 2.
16.04.28 13:50:12 [INFO] mordecai_ failed Direction: tried to hit an entity out of line of sight. VL 8.
16.04.28 13:50:14 [INFO] mordecai_ failed Direction: tried to hit an entity out of line of sight. VL 22.
16.04.28 13:50:27 [INFO] mordecai_ failed Speed: tried to attack with too high a frequency. VL 2.
16.04.28 13:50:42 [INFO] mordecai_ failed Direction: tried to hit an entity out of line of sight. VL 8.
16.04.28 13:50:42 [INFO] mordecai_ failed Direction: tried to hit an entity out of line of sight. VL 22.
16.04.28 13:50:42 [INFO] mordecai_ failed Improbable: meets the improbable more than expected. VL 11.
16.04.28 13:50:44 [INFO] mordecai_ failed Knockback: tried to do a knockback but wasn't technically sprinting. VL 1744.
16.04.28 13:50:50 [INFO] mordecai_ failed Improbable: meets the improbable more than expected. VL 13.
16.04.29 11:44:58 [INFO] TehZavq failed GodMode: avoided taking damage or lagging. VL 4.
16.04.29 11:49:31 [INFO] TehZavq failed SurvivalFly: tried to move from -18.42, 65.98, 23.02 to (HOVER) over a distance of 0.0(HOVER) block(s). VL 500.
16.04.29 11:57:16 [INFO] TehZavq failed Passable: moved into a block (20). VL 10.
16.04.29 11:59:46 [INFO] TehZavq failed SurvivalFly: tried to move from -31.50, 66.00, 27.50 to (HOVER) over a distance of 0.0(HOVER) block(s). VL 500.
16.04.29 11:59:51 [INFO] TehZavq failed Direction: tried to interact with a block out of his line of sight. VL 14.
16.04.29 11:59:51 [INFO] TehZavq failed SurvivalFly: tried to move from -31.50, 66.00, 27.50 to (HOVER) over a distance of 0.0(HOVER) block(s). VL 1000.
16.04.29 12:00:11 [INFO] TehZavq failed SurvivalFly: tried to move from -31.50, 66.00, 27.50 to (HOVER) over a distance of 0.0(HOVER) block(s). VL 1450.
16.04.29 12:00:54 [INFO] TehZavq failed SurvivalFly: tried to move from -31.50, 66.00, 27.50 to (HOVER) over a distance of 0.0(HOVER) block(s). VL 1878.
16.04.29 12:03:03 [INFO] TehZavq failed FastClick: tried to move items in his inventory too quickly. VL 60.
16.04.29 12:03:23 [INFO] TehZavq failed FastClick: tried to move items in his inventory too quickly. VL 60.
16.04.29 12:03:53 [INFO] TehZavq failed FastClick: tried to move items in his inventory too quickly. VL 61.
16.04.29 12:03:58 [INFO] TehZavq failed FastClick: tried to move items in his inventory too quickly. VL 62.
16.04.29 12:04:30 [INFO] TehZavq failed FastClick: tried to move items in his inventory too quickly. VL 182.
16.04.29 12:09:43 [INFO] TehZavq failed SurvivalFly: tried to move from -23.69, 65.10, 22.45 to (HOVER) over a distance of 0.0(HOVER) block(s). VL 500.
16.04.29 12:10:52 [INFO] TehZavq failed Knockback: tried to do a knockback but wasn't technically sprinting. VL 50.
16.04.29 12:15:10 [INFO] TehZavq failed Visible: interacts with a block out of sight. VL 6.
16.04.29 12:15:59 [INFO] TehZavq failed Visible: interacts with a block out of sight. VL 5.
16.04.29 12:16:46 [INFO] TehZavq failed Visible: interacts with a block out of sight. VL 6.
16.04.29 12:16:48 [INFO] TehZavq failed Visible: interacts with a block out of sight. VL 22.
16.04.29 12:16:50 [INFO] TehZavq failed Visible: interacts with a block out of sight. VL 32.
16.04.29 12:16:50 [INFO] TehZavq failed Direction: tried to interact with a block out of his line of sight. VL 11.
16.04.29 12:16:52 [INFO] TehZavq failed Visible: interacts with a block out of sight. VL 35.
16.04.29 12:18:03 [INFO] TehZavq failed Direction: tried to interact with a block out of his line of sight. VL 11.
16.05.05 21:05:43 [INFO] IdleChris_ failed SurvivalFly: tried to move from -22.30, 66.25, 20.46 to (HOVER) over a distance of 0.0(HOVER) block(s). VL 500.
16.05.05 21:06:05 [INFO] IdleChris_ failed Direction: tried to interact with a block out of his line of sight. VL 10.
16.05.05 21:06:08 [INFO] IdleChris_ failed Direction: tried to interact with a block out of his line of sight. VL 23.
16.05.05 21:08:35 [INFO] IdleChris_ failed SurvivalFly: tried to move from -22.51, 66.25, 19.85 to (HOVER) over a distance of 0.0(HOVER) block(s). VL 500.
16.05.05 21:09:17 [INFO] IdleChris_ failed FastClick: tried to move items in his inventory too quickly. VL 80.
16.05.05 21:09:25 [INFO] IdleChris_ failed FastClick: tried to move items in his inventory too quickly. VL 168.
16.05.05 21:11:18 [INFO] IdleChris_ failed FastClick: tried to move items in his inventory too quickly. VL 314.
16.05.05 21:11:32 [INFO] IdleChris_ failed SurvivalFly: tried to move from -34.26, 65.88, 20.03 to (HOVER) over a distance of 0.0(HOVER) block(s). VL 500.
16.05.05 21:11:36 [INFO] IdleChris_ failed SurvivalFly: tried to move from -34.29, 65.98, 20.09 to (HOVER) over a distance of 0.0(HOVER) block(s). VL 1000.
16.05.05 21:12:37 [INFO] IdleChris_ failed SurvivalFly: tried to move from -34.29, 65.98, 20.09 to (HOVER) over a distance of 0.0(HOVER) block(s). VL 1500.
16.07.06 15:37:38 [INFO] patriota failed Visible: interacts with a block out of sight. VL 6.
16.08.27 20:34:02 [INFO] iTzUrsinho4i20 failed SurvivalFly: tried to move unexpectedly. VL 4.
16.08.30 20:57:56 [INFO] 2yellow03 failed Visible: interacts with a block out of sight. VL 6.
16.08.30 21:48:02 [INFO] 2yellow03 failed SurvivalFly: tried to move unexpectedly. VL 211.
